
mkdir tailwindclass0
cd tailwindclass0   
npm install -D tailwindcss postcss autoprefixer vite 
npx tailwindcss init -p


make this=====

/** @type {import('tailwindcss').Config} */
module.exports = {
  content: ["*"],
  theme: {
    extend: {},
  },
  plugins: [],
}

add scripts

{
  "scripts": {
    "start":"vite"
  },
  "devDependencies": {
    "autoprefixer": "^10.4.19",
    "postcss": "^8.4.38",
    "tailwindcss": "^3.4.3",
    "vite": "^5.2.11"
  }
}


wriet code in html page and link main.css file to it (which is havig 

)


npm run start to see local host

https://github.com/thepranaygupta/html-tailwind-css-starter-pack
refer above direct build--












PS C:\Users\Tharun\Desktop\TAILWIND> npm install -D tailwindcss postcss autoprefixer vite 

added 127 packages in 17s

35 packages are looking for funding
  run `npm fund` for details
PS C:\Users\Tharun\Desktop\TAILWIND> mkdir tailwindclass0


    Directory: C:\Users\Tharun\Desktop\TAILWIND


Mode                 LastWriteTime         Length Name
----                 -------------         ------ ----
d-----        23-05-2024     18:06                tailwindclass0


PS C:\Users\Tharun\Desktop\TAILWIND> cd tailwindclass0   
PS C:\Users\Tharun\Desktop\TAILWIND\tailwindclass0> npm install -D tailwindcss postcss autoprefixer vite
npm warn cleanup Failed to remove some directories [
npm warn cleanup   [
npm warn cleanup     'C:\\Users\\Tharun\\Desktop\\TAILWIND\\tailwindclass0\\node_modules\\fsevents',
npm warn cleanup     [Error: EBUSY: resource busy or locked, rmdir 'C:\Users\Tharun\Desktop\TAILWIND\tailwindclass0\node_modules\fsevents'] {
npm warn cleanup       errno: -4082,
npm warn cleanup       code: 'EBUSY',
npm warn cleanup       syscall: 'rmdir',
npm warn cleanup       path: 'C:\\Users\\Tharun\\Desktop\\TAILWIND\\tailwindclass0\\node_modules\\fsevents'
npm warn cleanup     }
npm warn cleanup   ]
npm warn cleanup ]

added 127 packages in 8s

35 packages are looking for funding
  run `npm fund` for details
PS C:\Users\Tharun\Desktop\TAILWIND\tailwindclass0> 
 *  History restored 

PS C:\Users\Tharun\Desktop\TAILWIND\tailwind_cli_demo> cd ..
PS C:\Users\Tharun\Desktop\TAILWIND> cd .\tailwindclass0\ 
PS C:\Users\Tharun\Desktop\TAILWIND\tailwindclass0> npx tailwindcss init

Created Tailwind CSS config file: tailwind.config.js
PS C:\Users\Tharun\Desktop\TAILWIND\tailwindclass0> npx tailwindcss init -p

tailwind.config.js already exists.
Created PostCSS config file: postcss.config.js
PS C:\Users\Tharun\Desktop\TAILWIND\tailwindclass0> 